FooBar est un Foo, mais pas un bar. J&#39;aime ce Product Name.